




http://info.foo.bar/cgi/blocked?clientaddr=10.0.1.23&clientname=unknown&clientuser=unknown&clientgroup=kids&targetgroup=blacklist&url=http%3A%2F%2Fwww.book-mark.net%2FMark.gif 10.0.1.23/- - GET




http://info.foo.bar/cgi/blocked?clientaddr=10.0.1.23&clientname=unknown&clientuser=unknown&clientgroup=kids&targetgroup=blacklist&url=http%3A%2F%2Fwww.freesexsites.net%2Fbook-mark%2F22%2Ftn_09.jpg 10.0.1.23/- - GET


http://info.foo.bar/cgi/blocked?clientaddr=10.0.1.23&clientname=unknown&clientuser=bar&clientgroup=andtest&targetgroup=blacklist&url=http%3A%2F%2Fwww.ultrasexe.com%2Fimage%2Ftnoire12ipv4.jpg 10.0.1.23/- bar GET
http://info.foo.bar/cgi/blocked?clientaddr=2034%3A2034%3A1%3A2%3A3%3A%3A4&clientname=myfqdn.com&clientuser=bar&clientgroup=andtest&targetgroup=blacklist&url=http%3A%2F%2Fwww.ultrasexe.com%2Fimage%2Ftnoire12ipv6.jpg 2034:2034:1:2:3::4/myfqdn.com bar GET

http://info.foo.bar/cgi/blocked?clientaddr=10.0.1.23&clientname=unknown&clientuser=unknown&clientgroup=kids&targetgroup=blacklist&url=http%3A%2F%2Fwww.ultrasexe.com%2Fimage%2Ftnoire12.jpg 10.0.1.23/- - GET
http://info.foo.bar/cgi/blocked?clientaddr=10.0.1.23&clientname=unknown&clientuser=unknown&clientgroup=kids&targetgroup=blacklist&url=http%3A%2F%2Fwww.ultrasexe.com%2Fimage%2Ftnoire3.jpg 10.0.1.23/- - GET
http://info.foo.bar/cgi/blocked?clientaddr=10.0.1.23&clientname=unknown&clientuser=gurr&clientgroup=kids&targetgroup=blacklist&url=http%3A%2F%2Fwww.sohard.com%2Fklimaxxx2%2Ftn_1704034c_jpg.jpg 10.0.1.23/- gurr GET

http://info.foo.bar/cgi/blocked?clientaddr=10.0.1.23&clientname=unknown&clientuser=unknown&clientgroup=kids&targetgroup=blacklist&url=http%3A%2F%2Fc2.xxxcounter.com%2Fcounter.cgi.... 10.0.1.23/- - GET


http://info.foo.bar/cgi/blocked?clientaddr=10.0.1.23&clientname=unknown&clientuser=unknown&clientgroup=kids&targetgroup=blacklist&url=http%3A%2F%2Fcounter7.sextracker.com%2Fc2%2Fid%2F2%2F130230 10.0.1.23/- - GET
http://info.foo.bar/cgi/blocked?clientaddr=10.0.1.23&clientname=unknown&clientuser=unknown&clientgroup=kids&targetgroup=blacklist&url=http%3A%2F%2Famateur.freepictures.com%2Famateur%2Fimages%2Ftn_fpcheer017_jpg.jpg 10.0.1.23/- - GET





http://info.foo.bar/cgi/blocked?clientaddr=10.0.1.23&clientname=unknown&clientuser=unknown&clientgroup=kids&targetgroup=blacklist&url=http%3A%2F%2Fclit13.sextracker.com%2Fclit.... 10.0.1.23/- - GET

http://info.foo.bar/cgi/blocked?clientaddr=10.0.1.23&clientname=unknown&clientuser=gurr&clientgroup=kids&targetgroup=blacklist&url=http%3A%2F%2Fartemis.porntrack.com%2F0%2F20469%2F.... 10.0.1.23/- gurr GET



http://info.foo.bar/cgi/blocked?clientaddr=10.0.1.23&clientname=unknown&clientuser=unknown&clientgroup=kids&targetgroup=blacklist&url=http%3A%2F%2Fhardcore.freepictures.com%2Fsluts%2F02%2Ftn_sx0023n_jpg.jpg 10.0.1.23/- - GET
http://info.foo.bar/cgi/blocked?clientaddr=10.0.1.23&clientname=unknown&clientuser=unknown&clientgroup=kids&targetgroup=blacklist&url=http%3A%2F%2Fhardcore.freepictures.com%2Fsluts%2F02%2Ftn_sx0023m_jpg.jpg 10.0.1.23/- - GET





http://info.foo.bar/cgi/blocked?clientaddr=10.0.5.15&clientname=unknown&clientuser=gurr&clientgroup=default&targetgroup=none&url=http%3A%2F%2Fwww.oslo-energi.no%2Fhierarrays.js 10.0.5.15/- gurr GET
http://info.foo.bar/cgi/blocked?clientaddr=10.0.5.15&clientname=unknown&clientuser=unknown&clientgroup=default&targetgroup=none&url=http%3A%2F%2Fwww.oslo-energi.no%2Fgifs%2Ftittel_1_fade.gif 10.0.5.15/- - GET
http://info.foo.bar/cgi/blocked?clientaddr=10.0.5.15&clientname=unknown&clientuser=unknown&clientgroup=default&targetgroup=none&url=http%3A%2F%2Fwww.oslo-energi.no%2Fgifs%2Fskillestrek.gif 10.0.5.15/- - GET
http://info.foo.bar/cgi/blocked?clientaddr=10.0.5.15&clientname=unknown&clientuser=unknown&clientgroup=default&targetgroup=none&url=http%3A%2F%2Fads.nettavisen.no%2Fjs.ng%2Fspacedesc%3Dsport_stor%26params.richmedia%3Dyes 10.0.5.15/- - GET
http://info.foo.bar/cgi/blocked?clientaddr=10.0.5.15&clientname=unknown&clientuser=unknown&clientgroup=default&targetgroup=none&url=http%3A%2F%2Fwww.bergens-tidende.no%2Fgrafikk%2Fpixels%2Flys_graa.gif 10.0.5.15/- - GET


http://info.foo.bar/cgi/blocked?clientaddr=10.0.5.15&clientname=unknown&clientuser=unknown&clientgroup=default&targetgroup=none&url=http%3A%2F%2Fwww.cupido.no%2Fimages%2Finnut.gif 10.0.5.15/- - GET
http://info.foo.bar/cgi/blocked?clientaddr=10.0.5.15&clientname=unknown&clientuser=unknown&clientgroup=default&targetgroup=none&url=http%3A%2F%2Fwww.uio.no%2F~seide%2Fhknapp2.gif 10.0.5.15/- - GET
http://info.foo.bar/cgi/blocked?clientaddr=10.0.5.15&clientname=unknown&clientuser=unknown&clientgroup=default&targetgroup=none&url=http%3A%2F%2Fwww.uio.no%2F~seide%2Flene.gif 10.0.5.15/- - GET
http://info.foo.bar/cgi/blocked?clientaddr=10.0.5.15&clientname=unknown&clientuser=unknown&clientgroup=default&targetgroup=none&url=http%3A%2F%2Fwww.epi.no%2Fmapnet%2Fepi%2Fmapnetsmall2.gif 10.0.5.15/- - GET
http://info.foo.bar/cgi/blocked?clientaddr=10.0.5.15&clientname=unknown&clientuser=unknown&clientgroup=default&targetgroup=none&url=http%3A%2F%2Fwww.epi.no%2Fmapnet%2Fepi%2Fmaps%2Fasker%2Foversikt.gif 10.0.5.15/- - GET
http://info.foo.bar/cgi/blocked?clientaddr=10.0.5.15&clientname=unknown&clientuser=gurr&clientgroup=default&targetgroup=none&url=http%3A%2F%2Fwww.statkart.no%2Fimages%2Ffooter.js 10.0.5.15/- gurr GET

http://info.foo.bar/cgi/blocked?clientaddr=10.0.5.15&clientname=unknown&clientuser=unknown&clientgroup=default&targetgroup=none&url=http%3A%2F%2Fm.doubleclick.net%2Fviewad%2F234286-nyb.gif 10.0.5.15/- - GET
http://info.foo.bar/cgi/blocked?clientaddr=10.0.68.15&clientname=unknown&clientuser=unknown&clientgroup=default&targetgroup=none&url=http%3A%2F%2Fteleweb.ost.eltele.no%2Felteleo.gif 10.0.68.15/- - GET
http://info.foo.bar/cgi/blocked?clientaddr=10.0.68.15&clientname=unknown&clientuser=unknown&clientgroup=default&targetgroup=none&url=http%3A%2F%2Fwww.vg.no%2Fannonser%2Fjobshop%2Fuke22b_99logo.gif 10.0.68.15/- - GET
http://info.foo.bar/cgi/blocked?clientaddr=10.0.68.15&clientname=unknown&clientuser=unknown&clientgroup=default&targetgroup=none&url=http%3A%2F%2Fwww.vg.no%2Fwriteable%2Fnettmarked%2Fpics%2Febud1.gif 10.0.68.15/- - GET

http://info.foo.bar/cgi/blocked?clientaddr=10.0.68.15&clientname=unknown&clientuser=unknown&clientgroup=default&targetgroup=none&url=http%3A%2F%2Fwww.vg.no%2Fgrafikk%2Fmal%2Fnav_interaktiv.gif 10.0.68.15/- - GET
http://info.foo.bar/cgi/blocked?clientaddr=10.0.68.15&clientname=unknown&clientuser=unknown&clientgroup=default&targetgroup=none&url=http%3A%2F%2Fwww.vg.no%2Fannonser%2Fmi%2Fomha1.gif 10.0.68.15/- - GET
http://info.foo.bar/cgi/blocked?clientaddr=10.0.68.15&clientname=unknown&clientuser=unknown&clientgroup=default&targetgroup=none&url=http%3A%2F%2Fnetgravity.vg.no%2Fimage.ng%2Fsize%3Dbanner_1%26seksjon%3Dsport 10.0.68.15/- - GET
http://info.foo.bar/cgi/blocked?clientaddr=10.0.68.15&clientname=unknown&clientuser=unknown&clientgroup=default&targetgroup=none&url=http%3A%2F%2Fnetgravity.vg.no%2Fimage.ng%2Fspesial%3Dresultatodds 10.0.68.15/- - GET
http://info.foo.bar/cgi/blocked?clientaddr=10.0.68.15&clientname=unknown&clientuser=unknown&clientgroup=default&targetgroup=none&url=http%3A%2F%2Fwww.dagbladet.no%2Fkultur%2F1999%2F05%2F29%2Fdf_5h926kdp.jpg 10.0.68.15/- - GET
http://info.foo.bar/cgi/blocked?clientaddr=10.0.68.15&clientname=unknown&clientuser=gurr&clientgroup=default&targetgroup=none&url=http%3A%2F%2Fm.doubleclick.net%2Fviewad%2F30021-oddsen300599.gif 10.0.68.15/- gurr GET
http://info.foo.bar/cgi/blocked?clientaddr=10.0.68.15&clientname=unknown&clientuser=unknown&clientgroup=default&targetgroup=none&url=http%3A%2F%2Fteleweb.ost.eltele.no%2Fmeny.htm 10.0.68.15/- - GET
http://info.foo.bar/cgi/blocked?clientaddr=10.0.68.15&clientname=unknown&clientuser=unknown&clientgroup=default&targetgroup=none&url=http%3A%2F%2Fteleweb.ost.eltele.no%2Fgrafikk%2Fmeny%2Fitseminaroff.gif 10.0.68.15/- - GET
http://info.foo.bar/cgi/blocked?clientaddr=10.0.68.15&clientname=unknown&clientuser=unknown&clientgroup=default&targetgroup=none&url=http%3A%2F%2Fteleweb.ost.eltele.no%2Fgrafikk%2Fmeny%2Fsokoff.gif 10.0.68.15/- - GET

http://info.foo.bar/cgi/blocked?clientaddr=10.0.1.22&clientname=unknown&clientuser=gurr&clientgroup=kids&targetgroup=blacklist&url=http%3A%2F%2Fgraphics2.sextracker.com%2Ftitlebar%2Fhead_left.gif 10.0.1.22/- gurr GET
http://info.foo.bar/cgi/blocked?clientaddr=10.0.1.22&clientname=unknown&clientuser=unknown&clientgroup=kids&targetgroup=blacklist&url=http%3A%2F%2Fgraphics2.sextracker.com%2Ftitlebar%2Fwelcome_head.gif 10.0.1.22/- - GET

http://info.foo.bar/cgi/blocked?clientaddr=10.0.1.22&clientname=unknown&clientuser=unknown&clientgroup=kids&targetgroup=blacklist&url=http%3A%2F%2Fwww.ultrahardcore.com%2Fgraphics%2Fsmallbanners%2Fut.gif 10.0.1.22/- - GET

http://info.foo.bar/cgi/blocked?clientaddr=10.0.1.22&clientname=unknown&clientuser=unknown&clientgroup=kids&targetgroup=blacklist&url=http%3A%2F%2Fwww.book-mark.net%2Fpla.gif 10.0.1.22/- - GET

http://info.foo.bar/cgi/blocked?clientaddr=10.0.1.22&clientname=unknown&clientuser=unknown&clientgroup=kids&targetgroup=blacklist&url=http%3A%2F%2Fwww.pornpower.com%2Ffree4all%2F30%2Fthumbs%2Fset30006.jpg 10.0.1.22/- - GET


















http://info.foo.bar/cgi/blocked?clientaddr=10.0.68.15&clientname=unknown&clientuser=unknown&clientgroup=default&targetgroup=none&url=http%3A%2F%2Fteleweb.ost.eltele.no%2Fgrafikk%2Fmeny%2Fikonoff.gif 10.0.68.15/- - GET
http://info.foo.bar/cgi/blocked?clientaddr=10.0.68.15&clientname=unknown&clientuser=unknown&clientgroup=default&targetgroup=none&url=http%3A%2F%2Fwww.dagbladet.no%2Fvignetter%2Ftern5.gif 10.0.68.15/- - GET
http://info.foo.bar/cgi/blocked?clientaddr=10.0.68.15&clientname=unknown&clientuser=gurr&clientgroup=default&targetgroup=none&url=http%3A%2F%2Fwww.dagbladet.no%2Fcgi-bin%2Fgo2.... 10.0.68.15/- gurr GET















http://info.foo.bar/cgi/blocked?clientaddr=10.0.68.15&clientname=unknown&clientuser=unknown&clientgroup=default&targetgroup=none&url=http%3A%2F%2Fwww.sunnfjordenergi.no%2Fnm%2Fgrafikk%2Fmeny%2Fom.gif 10.0.68.15/- - GET
http://info.foo.bar/cgi/blocked?clientaddr=10.0.68.15&clientname=unknown&clientuser=unknown&clientgroup=default&targetgroup=none&url=http%3A%2F%2Fteleweb.ost.eltele.no%2Fgrafikk%2Fmeny%2Foeioff.gif 10.0.68.15/- - GET
http://info.foo.bar/cgi/blocked?clientaddr=10.0.68.15&clientname=unknown&clientuser=unknown&clientgroup=default&targetgroup=none&url=http%3A%2F%2Fteleweb.ost.eltele.no%2Fgrafikk%2Fmeny%2Fhjelpoff.gif 10.0.68.15/- - GET
http://info.foo.bar/cgi/blocked?clientaddr=10.0.68.15&clientname=unknown&clientuser=gurr&clientgroup=default&targetgroup=none&url=http%3A%2F%2Fteleweb.ost.eltele.no%2Fgrafikk%2Fmeny%2Fhjelpon.gif 10.0.68.15/- gurr GET



http://info.foo.bar/cgi/blocked?clientaddr=10.0.68.15&clientname=unknown&clientuser=unknown&clientgroup=default&targetgroup=none&url=http%3A%2F%2Fteleweb.ost.eltele.no%2Fgrafikk%2Fmeny%2Fksentoff.gif 10.0.68.15/- - GET
http://info.foo.bar/cgi/blocked?clientaddr=10.0.68.15&clientname=unknown&clientuser=unknown&clientgroup=default&targetgroup=none&url=http%3A%2F%2Fteleweb.ost.eltele.no%2Fgrafikk%2Fmeny%2Foekon.gif 10.0.68.15/- - GET
http://info.foo.bar/cgi/blocked?clientaddr=10.0.68.15&clientname=unknown&clientuser=gurr&clientgroup=default&targetgroup=none&url=http%3A%2F%2Fteleweb.ost.eltele.no%2Fgrafikk%2Fmeny%2Fitseminaron.gif 10.0.68.15/- gurr GET
http://info.foo.bar/cgi/blocked?clientaddr=10.0.68.15&clientname=unknown&clientuser=unknown&clientgroup=default&targetgroup=none&url=http%3A%2F%2Fwww.postbanken.no%2Fmedia%2Fhor_tip.gif 10.0.68.15/- - GET







http://info.foo.bar/cgi/blocked?clientaddr=10.0.68.15&clientname=unknown&clientuser=unknown&clientgroup=default&targetgroup=none&url=http%3A%2F%2Fwww.kondis.no%2Fterminlista%2Fterminlista99norge.html 10.0.68.15/- - GET
http://info.foo.bar/cgi/blocked?clientaddr=10.0.68.15&clientname=unknown&clientuser=unknown&clientgroup=default&targetgroup=none&url=http%3A%2F%2Fkondis.no%2Fbilder%2Fbaand1.jpg 10.0.68.15/- - GET

http://info.foo.bar/cgi/blocked?clientaddr=10.0.68.15&clientname=unknown&clientuser=unknown&clientgroup=default&targetgroup=none&url=http%3A%2F%2Fhome.sol.no%2F~plassen%2Flogobghvit.jpg 10.0.68.15/- - GET
http://info.foo.bar/cgi/blocked?clientaddr=10.0.68.15&clientname=unknown&clientuser=unknown&clientgroup=default&targetgroup=none&url=http%3A%2F%2Fhome.sol.no%2F~plassen%2Ffronside.jpg 10.0.68.15/- - GET
http://info.foo.bar/cgi/blocked?clientaddr=10.0.68.15&clientname=unknown&clientuser=unknown&clientgroup=default&targetgroup=none&url=http%3A%2F%2Fimages.bravenet.com%2Fbrpics%2Fforumpics%2Fquestion.gif 10.0.68.15/- - GET
http://info.foo.bar/cgi/blocked?clientaddr=10.0.68.15&clientname=unknown&clientuser=unknown&clientgroup=default&targetgroup=none&url=http%3A%2F%2Fkondis.no%2Fpekere.html 10.0.68.15/- - GET
http://info.foo.bar/cgi/blocked?clientaddr=10.0.68.15&clientname=unknown&clientuser=unknown&clientgroup=default&targetgroup=none&url=http%3A%2F%2Fwww.marathon.se%2Floplabbet%2Fbilder%2Fmeny%2F1r_ovrig.gif 10.0.68.15/- - GET
http://info.foo.bar/cgi/blocked?clientaddr=10.0.68.15&clientname=unknown&clientuser=unknown&clientgroup=default&targetgroup=none&url=http%3A%2F%2Fteleweb.ost.eltele.no%2Fgrafikk%2Fmeny%2Foekoff.gif 10.0.68.15/- - GET
http://info.foo.bar/cgi/blocked?clientaddr=10.0.68.15&clientname=unknown&clientuser=unknown&clientgroup=default&targetgroup=none&url=http%3A%2F%2Fteleweb.ost.eltele.no%2Fgrafikk%2Fmeny%2Fikonoff.gif 10.0.68.15/- - GET
http://info.foo.bar/cgi/blocked?clientaddr=10.0.68.15&clientname=unknown&clientuser=unknown&clientgroup=default&targetgroup=none&url=http%3A%2F%2Fteleweb.ost.eltele.no%2Fgrafikk%2Fmeny%2Fsokoff.gif 10.0.68.15/- - GET


http://info.foo.bar/cgi/blocked?clientaddr=10.0.68.15&clientname=unknown&clientuser=gurr&clientgroup=default&targetgroup=none&url=http%3A%2F%2Fteleweb.ost.eltele.no%2Fgrafikk%2Fmeny%2Fnyheton.gif 10.0.68.15/- gurr GET
http://info.foo.bar/cgi/blocked?clientaddr=10.0.68.15&clientname=unknown&clientuser=unknown&clientgroup=default&targetgroup=none&url=http%3A%2F%2Fteleweb.ost.eltele.no%2Fgrafikk%2Fmeny%2Fhjelpon.gif 10.0.68.15/- - GET
http://info.foo.bar/cgi/blocked?clientaddr=10.0.68.15&clientname=unknown&clientuser=unknown&clientgroup=default&targetgroup=none&url=http%3A%2F%2F193.69.80.130%2Fmarketinfo%2Fimages%2Fnavigation2.jpg 10.0.68.15/- - GET


http://info.foo.bar/cgi/blocked?clientaddr=10.0.68.15&clientname=unknown&clientuser=unknown&clientgroup=default&targetgroup=none&url=http%3A%2F%2F193.69.80.130%2Fgrafikk%2Fm4_5b1.gif 10.0.68.15/- - GET
http://info.foo.bar/cgi/blocked?clientaddr=10.0.68.15&clientname=unknown&clientuser=unknown&clientgroup=default&targetgroup=none&url=http%3A%2F%2F193.69.80.130%2Fmarketinfo%2Fimages%2Fknapper%2Fgraph_knapp.gif 10.0.68.15/- - GET



































http://info.foo.bar/cgi/blocked?clientaddr=10.0.68.15&clientname=unknown&clientuser=unknown&clientgroup=default&targetgroup=none&url=http%3A%2F%2Fteleweb.ost.eltele.no%2Fgrafikk%2Flogo%2Felteleo.gif 10.0.68.15/- - GET
http://info.foo.bar/cgi/blocked?clientaddr=10.0.68.15&clientname=unknown&clientuser=unknown&clientgroup=default&targetgroup=none&url=http%3A%2F%2Fteleweb.ost.eltele.no%2Fgrafikk%2Fmeny%2Fksentoff.gif 10.0.68.15/- - GET
http://info.foo.bar/cgi/blocked?clientaddr=10.0.68.15&clientname=unknown&clientuser=gurr&clientgroup=default&targetgroup=none&url=http%3A%2F%2Fwww.dagbladet.no%2Fann-gif%2Fbilguiden%2Fbilguiden.jpg 10.0.68.15/- gurr GET
http://info.foo.bar/cgi/blocked?clientaddr=10.0.68.15&clientname=unknown&clientuser=unknown&clientgroup=default&targetgroup=none&url=http%3A%2F%2Fwww.dagbladet.no%2Fimg%2Fforside%2Fknapp.dagboka.gif 10.0.68.15/- - GET

http://info.foo.bar/cgi/blocked?clientaddr=10.0.68.15&clientname=unknown&clientuser=unknown&clientgroup=default&targetgroup=none&url=http%3A%2F%2Fwww.dagbladet.no%2Fkultur%2F1999%2F05%2F30%2F166484.html 10.0.68.15/- - GET





http://info.foo.bar/cgi/blocked?clientaddr=10.0.68.15&clientname=unknown&clientuser=unknown&clientgroup=default&targetgroup=none&url=http%3A%2F%2Fteleweb.ost.eltele.no%2Fgrafikk%2Fmeny%2Foekoff.gif 10.0.68.15/- - GET
http://info.foo.bar/cgi/blocked?clientaddr=10.0.68.15&clientname=unknown&clientuser=unknown&clientgroup=default&targetgroup=none&url=http%3A%2F%2Fteleweb.ost.eltele.no%2Fgrafikk%2Fmeny%2Fsokoff.gif 10.0.68.15/- - GET
http://info.foo.bar/cgi/blocked?clientaddr=10.0.68.15&clientname=unknown&clientuser=unknown&clientgroup=default&targetgroup=none&url=http%3A%2F%2Fteleweb.ost.eltele.no%2Fgrafikk%2Fmeny%2Fsokon.gif 10.0.68.15/- - GET
http://info.foo.bar/cgi/blocked?clientaddr=10.0.68.15&clientname=unknown&clientuser=unknown&clientgroup=default&targetgroup=none&url=http%3A%2F%2Fteleweb.ost.eltele.no%2Fmeny.htm 10.0.68.15/- - GET
http://info.foo.bar/cgi/blocked?clientaddr=10.0.68.15&clientname=unknown&clientuser=unknown&clientgroup=default&targetgroup=none&url=http%3A%2F%2Fteleweb.ost.eltele.no%2Fgrafikk%2Fmeny%2Foekoff.gif 10.0.68.15/- - GET
http://info.foo.bar/cgi/blocked?clientaddr=10.0.68.15&clientname=unknown&clientuser=gurr&clientgroup=default&targetgroup=none&url=http%3A%2F%2Fteleweb.ost.eltele.no%2Fgrafikk%2Fmeny%2Foservon.gif 10.0.68.15/- gurr GET


























































































http://info.foo.bar/cgi/blocked?clientaddr=10.0.1.39&clientname=unknown&clientuser=unknown&clientgroup=kids&targetgroup=blacklist&url=http%3A%2F%2Fwww4.adultcheck.com%2Fcgi-bin%2Finvalid.shtml.... 10.0.1.39/- - GET
http://info.foo.bar/cgi/blocked?clientaddr=10.0.1.39&clientname=unknown&clientuser=unknown&clientgroup=kids&targetgroup=blacklist&url=http%3A%2F%2Fsecure.adultcheck.com%2Fimages%2Fapply_tab_credit.gif 10.0.1.39/- - GET
http://info.foo.bar/cgi/blocked?clientaddr=10.0.1.39&clientname=unknown&clientuser=unknown&clientgroup=kids&targetgroup=blacklist&url=http%3A%2F%2Feasy-st.porncity.net%2F565%2Fimage%2Ftitle.gif 10.0.1.39/- - GET

http://info.foo.bar/cgi/blocked?clientaddr=10.0.1.39&clientname=unknown&clientuser=unknown&clientgroup=kids&targetgroup=blacklist&url=http%3A%2F%2Fwww.erosvillage.com%2Flolitawet%2Ficon%2F75x100_1.jpg 10.0.1.39/- - GET
http://info.foo.bar/cgi/blocked?clientaddr=10.0.1.39&clientname=unknown&clientuser=unknown&clientgroup=kids&targetgroup=blacklist&url=http%3A%2F%2Fwww.erosvillage.com%2Flolitanude%2Ficon%2Fsample5t.jpg 10.0.1.39/- - GET
http://info.foo.bar/cgi/blocked?clientaddr=10.0.1.39&clientname=unknown&clientuser=unknown&clientgroup=kids&targetgroup=blacklist&url=http%3A%2F%2Fwww.erosvillage.com%2Flolitagirls%2Ficon%2Fimage2.gif 10.0.1.39/- - GET
http://info.foo.bar/cgi/blocked?clientaddr=10.0.1.39&clientname=unknown&clientuser=unknown&clientgroup=kids&targetgroup=blacklist&url=http%3A%2F%2Faphrodite.porntrack.com%2F0%2F8992%2F.... 10.0.1.39/- - GET













http://info.foo.bar/cgi/blocked?clientaddr=10.0.1.39&clientname=unknown&clientuser=unknown&clientgroup=kids&targetgroup=blacklist&url=http%3A%2F%2Fwww.stabincabin.com%2Findex2.shtml 10.0.1.39/- - GET
http://info.foo.bar/cgi/blocked?clientaddr=10.0.1.39&clientname=unknown&clientuser=unknown&clientgroup=kids&targetgroup=blacklist&url=http%3A%2F%2Fwww.stabincabin.com%2Findex2.shtml 10.0.1.39/- - GET
http://info.foo.bar/cgi/blocked?clientaddr=10.0.1.39&clientname=unknown&clientuser=gurr&clientgroup=kids&targetgroup=blacklist&url=http%3A%2F%2Fwww.porkyspost.com%2Fthumbz%2Ft5.jpg 10.0.1.39/- gurr GET
http://info.foo.bar/cgi/blocked?clientaddr=10.0.67.178&clientname=unknown&clientuser=unknown&clientgroup=default&targetgroup=none&url=http%3A%2F%2Fteleweb.ost.eltele.no%2Ffastlink.htm 10.0.67.178/- - GET
http://info.foo.bar/cgi/blocked?clientaddr=10.0.67.178&clientname=unknown&clientuser=unknown&clientgroup=default&targetgroup=none&url=http%3A%2F%2Fteleweb.ost.eltele.no%2Fgrafikk%2Fmeny%2Foeon.gif 10.0.67.178/- - GET
http://info.foo.bar/cgi/blocked?clientaddr=10.0.67.178&clientname=unknown&clientuser=unknown&clientgroup=default&targetgroup=none&url=http%3A%2F%2Fteleweb.ost.eltele.no%2Fgrafikk%2Flogo%2Felteleo.gif 10.0.67.178/- - GET
http://info.foo.bar/cgi/blocked?clientaddr=10.0.67.178&clientname=unknown&clientuser=unknown&clientgroup=default&targetgroup=none&url=http%3A%2F%2Fteleweb.ost.eltele.no%2Fgrafikk%2Fmeny%2Fnyheton.gif 10.0.67.178/- - GET









http://info.foo.bar/cgi/blocked?clientaddr=10.0.1.39&clientname=unknown&clientuser=gurr&clientgroup=kids&targetgroup=blacklist&url=http%3A%2F%2Fc1.xxxcounter.com%2Fc7%2Fid%2F16%2F44847%2F0%2F 10.0.1.39/- gurr GET











































































































































http://info.foo.bar/cgi/blocked?clientaddr=10.0.67.190&clientname=unknown&clientuser=unknown&clientgroup=default&targetgroup=none&url=http%3A%2F%2Fchannels.real.com%2Fgetlatest.glh.... 10.0.67.190/- - GET













































































































































































































































































































































































































































http://info.foo.bar/cgi/blocked?clientaddr=10.0.3.174&clientname=unknown&clientuser=unknown&clientgroup=kids&targetgroup=blacklist&url=http%3A%2F%2Fadult.sexhound.net%2Ftheadultempire%2Flogo-netnanny.gif 10.0.3.174/- - GET

http://info.foo.bar/cgi/blocked?clientaddr=10.0.3.174&clientname=unknown&clientuser=unknown&clientgroup=kids&targetgroup=blacklist&url=http%3A%2F%2Fcounter16.sextracker.com%2Fc4%2Fid%2F1%2F113375 10.0.3.174/- - GET

















http://info.foo.bar/cgi/blocked?clientaddr=10.0.3.174&clientname=unknown&clientuser=gurr&clientgroup=kids&targetgroup=blacklist&url=http%3A%2F%2Fwww.hpic.com%2Fjum%2Fbz%2Fdata%2Fpc.jpg 10.0.3.174/- gurr GET
































http://info.foo.bar/cgi/blocked?clientaddr=10.0.5.15&clientname=unknown&clientuser=unknown&clientgroup=default&targetgroup=none&url=http%3A%2F%2Fwww.oslo-energi.no%2Fgifs%2Fnav5off.gif 10.0.5.15/- - GET
http://info.foo.bar/cgi/blocked?clientaddr=10.0.5.15&clientname=unknown&clientuser=unknown&clientgroup=default&targetgroup=none&url=http%3A%2F%2Fwww.oslo-energi.no%2Fgifs%2Ftittel_1_fade.gif 10.0.5.15/- - GET

http://info.foo.bar/cgi/blocked?clientaddr=10.0.3.144&clientname=unknown&clientuser=unknown&clientgroup=kids&targetgroup=blacklist&url=http%3A%2F%2Fc1.thecounter.com%2Fid%3D118474%26size%3D800%26colors%3D8%26referer%3Dhttp%253a%2F%2Fwww.uib.no%2Fguide%2Findex.html%26java%3Dtrue 10.0.3.144/- - GET







http://info.foo.bar/cgi/blocked?clientaddr=10.0.3.174&clientname=unknown&clientuser=unknown&clientgroup=kids&targetgroup=blacklist&url=http%3A%2F%2Fgraphics.agecheck.com%2Facscript%2Fpink-rttopcorner.gif 10.0.3.174/- - GET
http://info.foo.bar/cgi/blocked?clientaddr=10.0.5.15&clientname=unknown&clientuser=unknown&clientgroup=default&targetgroup=none&url=http%3A%2F%2Fhome.sol.no%2F~ehoen%2Fgrafikk%2Fpixel204.gif 10.0.5.15/- - GET





















http://info.foo.bar/cgi/blocked?clientaddr=10.0.5.15&clientname=unknown&clientuser=unknown&clientgroup=default&targetgroup=none&url=http%3A%2F%2Fwww.startsiden.no%2Foppslagsverk%2Fnavn%2F 10.0.5.15/- - GET




http://info.foo.bar/cgi/blocked?clientaddr=10.0.5.15&clientname=unknown&clientuser=unknown&clientgroup=default&targetgroup=none&url=http%3A%2F%2Fwww.ssb.no%2Fcgi-bin%2Fnavnesoek.pl.... 10.0.5.15/- - GET







